// Jest Snapshot v1, https://goo.gl/fbAQLP

exports[`renders the UI as expected 1`] = `
<div>
  <div
    id="phantom-footer"
  />
  <div
    id="footer"
  >
    <p
      id="title-footer"
    >
      Symptom Tracker
    </p>
    <p
      id="copy-footer"
    >
      RAMbo Â© 2019
    </p>
  </div>
</div>
`;
