// Jest Snapshot v1, https://goo.gl/fbAQLP

exports[`renders the UI as expected 1`] = `
<div>
  <div
    id="user-welcome"
  >
     
    <h3>
      Welcome back, 
      
    </h3>
    <div
      className="results"
    >
      <ul>
        <p>
          click refresh to see correlation
        </p>
      </ul>
      <button
        onClick={[Function]}
      >
        refresh
      </button>
    </div>
  </div>
  <div
    className="dashboard-content"
  >
    <div
      id="dash-button-container"
    >
      <button
        className="user-button"
        onClick={[Function]}
      >
        Log New Meal
      </button>
      <button
        className="user-button"
        onClick={[Function]}
      >
        Log New Symptoms
      </button>
    </div>
    <div
      className="events"
    >
      <div
        className="events-list"
      >
        <li
          className="symptom"
        >
          
           at 
          Wed Dec 31 1969
           
        </li>
      </div>
    </div>
  </div>
</div>
`;
